******************************************************************************
             TMS320C2000 Linker PC v18.12.3                    
******************************************************************************
>> Linked Wed Apr  1 15:04:22 2020

OUTPUT FILE NAME:   <PV_DC_AC_1PHASE_HIL.out>
ENTRY POINT SYMBOL: "_c_int00"  address: 000007a0


MEMORY CONFIGURATION

         name            origin    length      used     unused   attr    fill
----------------------  --------  ---------  --------  --------  ----  --------
PAGE 0:
  BEGIN                 00000000   00000002  00000002  00000000  RWIX
  RAMM0                 00000002   000003fe  00000008  000003f6  RWIX
  RAMM1                 00000400   00000400  00000400  00000000  RWIX
  RAMLS12345            00008800   00002800  00001d2e  00000ad2  RWIX
  RAMD0                 0000b000   00000800  00000800  00000000  RWIX
  RAMD1                 0000b800   00000800  00000800  00000000  RWIX
  RAMGS0_1              0000c000   00002000  00000161  00001e9f  RWIX
  RAMGS8                00014000   00001000  00000ffb  00000005  RWIX
  RAMGS9                00015000   00001000  00000017  00000fe9  RWIX
  RAMGS10               00016000   00001000  00000000  00001000  RWIX
  RAMGS11               00017000   00001000  00000000  00001000  RWIX
  FLASHN                00080000   00002000  00000000  00002000  RWIX
  FLASHM                00082000   00002000  00000000  00002000  RWIX
  FLASHL                00084000   00002000  00000000  00002000  RWIX
  FLASHK                00086000   00002000  00000000  00002000  RWIX
  FLASHJ                00088000   00008000  00000000  00008000  RWIX
  FLASHI                00090000   00008000  00000000  00008000  RWIX
  FLASHH                00098000   00008000  00000000  00008000  RWIX
  FLASHG                000a0000   00008000  00000000  00008000  RWIX
  FLASHF                000a8000   00008000  00000000  00008000  RWIX
  FLASHE                000b0000   00008000  00000000  00008000  RWIX
  FLASHD                000b8000   00002000  00000000  00002000  RWIX
  IQTABLES              003fe000   00000b50  00000000  00000b50  RWIX
  IQTABLES2             003feb50   0000008c  00000000  0000008c  RWIX
  IQTABLES3             003febdc   000000aa  00000000  000000aa  RWIX
  RESET                 003fffc0   00000002  00000000  00000002  RWIX

PAGE 1:
  BOOT_RSVD             00000002   0000004e  00000000  0000004e  RWIX
  ADCA_RESULT           00000b00   00000020  00000018  00000008  RWIX
  ADCB_RESULT           00000b20   00000020  00000018  00000008  RWIX
  ADCC_RESULT           00000b40   00000020  00000018  00000008  RWIX
  ADCD_RESULT           00000b60   00000020  00000018  00000008  RWIX
  CPU_TIMER0            00000c00   00000008  00000008  00000000  RWIX
  CPU_TIMER1            00000c08   00000008  00000008  00000000  RWIX
  CPU_TIMER2            00000c10   00000008  00000008  00000000  RWIX
  PIE_CTRL              00000ce0   00000020  0000001a  00000006  RWIX
  PIE_VECT              00000d00   00000200  000001c0  00000040  RWIX
  DMA                   00001000   00000200  000000e0  00000120  RWIX
  CLA1                  00001400   00000040  0000003e  00000002  RWIX
  CLA1_MSGRAMLOW        00001480   00000080  00000026  0000005a  RWIX
  CLA1_MSGRAMHIGH       00001500   00000080  0000001a  00000066  RWIX
  CLB1_LOGICCFG         00003000   00000040  00000000  00000040  RWIX
  CLB1_LOGICCTL         00003100   00000040  00000000  00000040  RWIX
  CLB1_DATAXCHG         00003200   00000200  00000000  00000200  RWIX
  CLB2_LOGICCFG         00003400   00000040  00000000  00000040  RWIX
  CLB2_LOGICCTL         00003500   00000040  00000000  00000040  RWIX
  CLB2_DATAXCHG         00003600   00000200  00000000  00000200  RWIX
  CLB3_LOGICCFG         00003800   00000040  00000000  00000040  RWIX
  CLB3_LOGICCTL         00003900   00000040  00000000  00000040  RWIX
  CLB3_DATAXCHG         00003a00   00000200  00000000  00000200  RWIX
  CLB4_LOGICCFG         00003c00   00000040  00000000  00000040  RWIX
  CLB4_LOGICCTL         00003d00   00000040  00000000  00000040  RWIX
  CLB4_DATAXCHG         00003e00   00000200  00000000  00000200  RWIX
  EPWM1                 00004000   00000100  00000100  00000000  RWIX
  EPWM2                 00004100   00000100  00000100  00000000  RWIX
  EPWM3                 00004200   00000100  00000100  00000000  RWIX
  EPWM4                 00004300   00000100  00000100  00000000  RWIX
  EPWM5                 00004400   00000100  00000100  00000000  RWIX
  EPWM6                 00004500   00000100  00000100  00000000  RWIX
  EPWM7                 00004600   00000100  00000100  00000000  RWIX
  EPWM8                 00004700   00000100  00000100  00000000  RWIX
  EPWM9                 00004800   00000100  00000100  00000000  RWIX
  EPWM10                00004900   00000100  00000100  00000000  RWIX
  EPWM11                00004a00   00000100  00000100  00000000  RWIX
  EPWM12                00004b00   00000100  00000100  00000000  RWIX
  ECAP1                 00005000   00000020  00000020  00000000  RWIX
  ECAP2                 00005020   00000020  00000020  00000000  RWIX
  ECAP3                 00005040   00000020  00000020  00000000  RWIX
  ECAP4                 00005060   00000020  00000020  00000000  RWIX
  ECAP5                 00005080   00000020  00000020  00000000  RWIX
  ECAP6                 000050a0   00000020  00000020  00000000  RWIX
  EQEP1                 00005100   00000040  00000022  0000001e  RWIX
  EQEP2                 00005140   00000040  00000022  0000001e  RWIX
  EQEP3                 00005180   00000040  00000022  0000001e  RWIX
  DACA                  00005c00   00000010  00000008  00000008  RWIX
  DACB                  00005c10   00000010  00000008  00000008  RWIX
  DACC                  00005c20   00000010  00000008  00000008  RWIX
  CMPSS1                00005c80   00000020  00000020  00000000  RWIX
  CMPSS2                00005ca0   00000020  00000020  00000000  RWIX
  CMPSS3                00005cc0   00000020  00000020  00000000  RWIX
  CMPSS4                00005ce0   00000020  00000020  00000000  RWIX
  CMPSS5                00005d00   00000020  00000020  00000000  RWIX
  CMPSS6                00005d20   00000020  00000020  00000000  RWIX
  CMPSS7                00005d40   00000020  00000020  00000000  RWIX
  CMPSS8                00005d60   00000020  00000020  00000000  RWIX
  SDFM1                 00005e00   00000080  00000080  00000000  RWIX
  SDFM2                 00005e80   00000080  00000080  00000000  RWIX
  MCBSPA                00006000   00000040  00000024  0000001c  RWIX
  MCBSPB                00006040   00000040  00000024  0000001c  RWIX
  SPIA                  00006100   00000010  00000010  00000000  RWIX
  SPIB                  00006110   00000010  00000010  00000000  RWIX
  SPIC                  00006120   00000010  00000010  00000000  RWIX
  SPID                  00006130   00000010  00000000  00000010  RWIX
  UPP                   00006200   00000100  00000048  000000b8  RWIX
  WD                    00007000   00000040  0000002b  00000015  RWIX
  NMIINTRUPT            00007060   00000010  00000007  00000009  RWIX
  XINT                  00007070   00000010  0000000b  00000005  RWIX
  SCIA                  00007200   00000010  00000010  00000000  RWIX
  SCIB                  00007210   00000010  00000010  00000000  RWIX
  SCIC                  00007220   00000010  00000010  00000000  RWIX
  SCID                  00007230   00000010  00000010  00000000  RWIX
  I2CA                  00007300   00000040  00000022  0000001e  RWIX
  I2CB                  00007340   00000040  00000022  0000001e  RWIX
  ADCA                  00007400   00000080  00000080  00000000  RWIX
  ADCB                  00007480   00000080  00000080  00000000  RWIX
  ADCC                  00007500   00000080  00000080  00000000  RWIX
  ADCD                  00007580   00000080  00000080  00000000  RWIX
  INPUT_XBAR            00007900   00000020  00000020  00000000  RWIX
  XBAR                  00007920   00000020  00000020  00000000  RWIX
  SYNC_SOC              00007940   00000010  00000006  0000000a  RWIX
  DMACLASRCSEL          00007980   00000040  0000001a  00000026  RWIX
  EPWM_XBAR             00007a00   00000040  00000040  00000000  RWIX
  CLB_XBAR              00007a40   00000040  00000000  00000040  RWIX
  OUTPUT_XBAR           00007a80   00000040  00000040  00000000  RWIX
  GPIOCTRL              00007c00   00000180  00000180  00000000  RWIX
  GPIODAT               00007f00   00000030  00000030  00000000  RWIX
  RAMLS0                00008000   00000800  0000054d  000002b3  RWIX
  RAMGS2                0000e000   00001000  00000200  00000e00  RWIX
  RAMGS3_4              0000f000   00002000  00000009  00001ff7  RWIX
  RAMGS5_6              00011000   00002000  0000048e  00001b72  RWIX
  RAMGS7                00013000   00001000  00000000  00001000  RWIX
  RAMGS12               00018000   00001000  00000000  00001000  RWIX
  RAMGS13               00019000   00001000  00000000  00001000  RWIX
  RAMGS14               0001a000   00001000  00000000  00001000  RWIX
  RAMGS15               0001b000   00001000  00000000  00001000  RWIX
  EMIF1                 00047000   00000800  00000070  00000790  RWIX
  EMIF2                 00047800   00000800  00000070  00000790  RWIX
  IPC                   00050000   00000024  00000024  00000000  RWIX
  FLASHPUMPSEMAPHORE    00050024   00000002  00000002  00000000  RWIX
  DEV_CFG               0005d000   00000180  0000012e  00000052  RWIX
  ANALOG_SUBSYS         0005d180   00000080  00000048  00000038  RWIX
  CLK_CFG               0005d200   00000100  00000032  000000ce  RWIX
  CPU_SYS               0005d300   00000100  00000082  0000007e  RWIX
  ROMPREFETCH           0005e608   00000002  00000002  00000000  RWIX
  DCSM_Z1               0005f000   00000030  00000024  0000000c  RWIX
  DCSM_Z2               0005f040   00000030  00000024  0000000c  RWIX
  DCSM_COMMON           0005f070   00000010  00000008  00000008  RWIX
  MEMCFG                0005f400   00000080  00000080  00000000  RWIX
  EMIF1CONFIG           0005f480   00000020  00000020  00000000  RWIX
  EMIF2CONFIG           0005f4a0   00000020  00000020  00000000  RWIX
  ACCESSPROTECTION      0005f4c0   00000040  00000040  00000000  RWIX
  MEMORYERROR           0005f500   00000040  00000040  00000000  RWIX
  ROMWAITSTATE          0005f540   00000002  00000002  00000000  RWIX
  FLASH0_CTRL           0005f800   00000300  00000182  0000017e  RWIX
  FLASH0_ECC            0005fb00   00000040  00000028  00000018  RWIX
  DCSM_Z1_OTP           00078000   00000020  00000020  00000000  RWIX
  DCSM_Z2_OTP           00078200   00000020  00000020  00000000  RWIX
  FLASHC                000ba000   00002000  00000000  00002000  RWIX
  FLASHB                000bc000   00002000  00000000  00002000  RWIX


SECTION ALLOCATION MAP

 output                                  attributes/
section   page    origin      length       input sections
--------  ----  ----------  ----------   ----------------
codestart 
*          0    00000000    00000002     
                  00000000    00000002     F2837xD_CodeStartBranch.obj (codestart)

ramfuncs   0    00000002    00000008     
                  00000002    00000004     F2837xD_usDelay.obj (ramfuncs)
                  00000006    00000004     sysctl.obj (ramfuncs)

.cinit     0    0000c000    00000161     
                  0000c000    0000008a     PV_Main.obj (.cinit)
                  0000c08a    00000021     F2837xD_struct.obj (.cinit:_TRIP_SEL)
                  0000c0ab    0000001d     F2837xD_struct.obj (.cinit:_EPWM)
                  0000c0c8    0000001d     PV_Main.obj (.cinit:_ePWM)
                  0000c0e5    00000011     F2837xD_struct.obj (.cinit:_ECAP)
                  0000c0f6    0000000e     rts2800_fpu32.lib : exit.c.obj (.cinit)
                  0000c104    0000000d     F2837xD_struct.obj (.cinit:_ADC)
                  0000c111    0000000b     F2837xD_struct.obj (.cinit:_EQEP)
                  0000c11c    0000000b     F2837xD_struct.obj (.cinit:_SPI)
                  0000c127    0000000b     PV_Main.obj (.cinit:_ucTXMsgData)
                  0000c132    00000009     F2837xD_struct.obj (.cinit:_SDFM)
                  0000c13b    00000007     F2837xD_struct.obj (.cinit:_I2C)
                  0000c142    00000007     F2837xD_struct.obj (.cinit:_MCBSP)
                  0000c149    00000007     F2837xD_struct.obj (.cinit:_SCI)
                  0000c150    00000005     rts2800_fpu32.lib : _lock.c.obj (.cinit:__lock)
                  0000c155    00000005                       : _lock.c.obj (.cinit:__unlock)
                  0000c15a    00000005     pga411.obj (.cinit)
                  0000c15f    00000002     --HOLE-- [fill = 0]

.pinit     0    0000c000    00000000     UNINITIALIZED

Cla1Prog   0    00008800    00001d2e     
                  00008800    0000144a     PV_Task_C.obj (Cla1Prog:_Cla1Task1)
                  00009c4a    00000824     PV_Task_C.obj (Cla1Prog:_Cla1Task8)
                  0000a46e    00000038     cla1_math_library_fpu32.lib : CLAcosPU.obj (Cla1Prog:_CLAcosPU)
                  0000a4a6    00000038                                 : CLAsinPU.obj (Cla1Prog:_CLAsinPU)
                  0000a4de    00000020                                 : CLAsqrt.obj (Cla1Prog:_CLAsqrt)
                  0000a4fe    00000008     PV_Task_C.obj (Cla1Prog:_Cla1Task2)
                  0000a506    00000008     PV_Task_C.obj (Cla1Prog:_Cla1Task3)
                  0000a50e    00000008     PV_Task_C.obj (Cla1Prog:_Cla1Task4)
                  0000a516    00000008     PV_Task_C.obj (Cla1Prog:_Cla1Task5)
                  0000a51e    00000008     PV_Task_C.obj (Cla1Prog:_Cla1Task6)
                  0000a526    00000008     PV_Task_C.obj (Cla1Prog:_Cla1Task7)

AdcaResultFile 
*          1    00000b00    00000018     UNINITIALIZED
                  00000b00    00000018     F2837xD_GlobalVariableDefs.obj (AdcaResultFile)

AdcbResultFile 
*          1    00000b20    00000018     UNINITIALIZED
                  00000b20    00000018     F2837xD_GlobalVariableDefs.obj (AdcbResultFile)

AdccResultFile 
*          1    00000b40    00000018     UNINITIALIZED
                  00000b40    00000018     F2837xD_GlobalVariableDefs.obj (AdccResultFile)

AdcdResultFile 
*          1    00000b60    00000018     UNINITIALIZED
                  00000b60    00000018     F2837xD_GlobalVariableDefs.obj (AdcdResultFile)

Cla1ToCpuMsgRAM 
*          1    00001480    00000026     UNINITIALIZED
                  00001480    00000026     PV_Task_C.obj (Cla1ToCpuMsgRAM)

CpuToCla1MsgRAM 
*          1    00001500    0000001a     UNINITIALIZED
                  00001500    0000001a     PV_Task_C.obj (CpuToCla1MsgRAM)

CLADataLS0 
*          1    00008000    000002f1     UNINITIALIZED
                  00008000    000002f1     PV_Task_C.obj (CLADataLS0)

CLA1mathTables 
*          1    000082f2    00000156     
                  000082f2    00000156     cla1_math_library_fpu32.lib : CLASinCosTable.obj (CLA1mathTables)

CLAscratch 
*          1    00008448    00000100     UNINITIALIZED
                  00008448    00000100     --HOLE--

.scratchpad 
*          1    00008548    00000006     UNINITIALIZED
                  00008548    00000002     cla1_math_library_fpu32.lib : CLAcosPU.obj (.scratchpad:Cla1Prog:_CLAcosPU)
                  00008548    00000002                                 : CLAsinPU.obj (.scratchpad:Cla1Prog:_CLAsinPU)
                  00008548    00000004                                 : CLAsqrt.obj (.scratchpad:Cla1Prog:_CLAsqrt)
                  0000854c    00000002     PV_Task_C.obj (.scratchpad:Cla1Prog:_Cla1Task1)

.econst    1    0000f000    00000009     
                  0000f000    00000009     can.obj (.econst:_g_ui16CANBitValues)

.const_cla 
*          1    00008000    00000000     UNINITIALIZED

.reset     0    003fffc0    00000002     DSECT
                  003fffc0    00000002     rts2800_fpu32.lib : boot28.asm.obj (.reset)

.stack     1    0000e000    00000200     UNINITIALIZED
                  0000e000    00000200     --HOLE--

.ebss      1    00011000    0000048e     UNINITIALIZED
                  00011000    00000190     PV_Main.obj (.ebss:_Datalog1)
                  00011190    0000001e     F2837xD_struct.obj (.ebss:_TRIP_SEL)
                  000111ae    0000000e     F2837xD_struct.obj (.ebss:_ECAP)
                  000111bc    00000004     F2837xD_struct.obj (.ebss:_I2C)
                  000111c0    00000190     PV_Main.obj (.ebss:_Datalog2)
                  00011350    0000001a     F2837xD_struct.obj (.ebss:_EPWM)
                  0001136a    0000000a     F2837xD_struct.obj (.ebss:_ADC)
                  00011374    00000008     F2837xD_struct.obj (.ebss:_EQEP)
                  0001137c    00000004     F2837xD_struct.obj (.ebss:_MCBSP)
                  00011380    0000009c     PV_Main.obj (.ebss)
                  0001141c    0000001a     PV_Main.obj (.ebss:_ePWM)
                  00011436    00000008     F2837xD_struct.obj (.ebss:_SPI)
                  0001143e    00000002     rts2800_fpu32.lib : _lock.c.obj (.ebss:__lock)
                  00011440    00000018     F2837xD_CpuTimers.obj (.ebss)
                  00011458    00000008     PV_Main.obj (.ebss:_ucRXMsgData)
                  00011460    00000008     PV_Main.obj (.ebss:_ucTXMsgData)
                  00011468    00000006     F2837xD_TempSensorConv.obj (.ebss)
                  0001146e    00000006     F2837xD_struct.obj (.ebss:_SDFM)
                  00011474    00000006     rts2800_fpu32.lib : exit.c.obj (.ebss)
                  0001147a    00000004     F2837xD_struct.obj (.ebss:_SCI)
                  0001147e    00000002     rts2800_fpu32.lib : _lock.c.obj (.ebss:__unlock)
                  00011480    00000004     PV_Main.obj (.ebss:_VTimer0)
                  00011484    00000004     PV_Main.obj (.ebss:_VTimer1)
                  00011488    00000004     PV_Main.obj (.ebss:_VTimer2)
                  0001148c    00000002     pga411.obj (.ebss)

CpuTimer0RegsFile 
*          1    00000c00    00000008     UNINITIALIZED
                  00000c00    00000008     F2837xD_GlobalVariableDefs.obj (CpuTimer0RegsFile)

CpuTimer1RegsFile 
*          1    00000c08    00000008     UNINITIALIZED
                  00000c08    00000008     F2837xD_GlobalVariableDefs.obj (CpuTimer1RegsFile)

CpuTimer2RegsFile 
*          1    00000c10    00000008     UNINITIALIZED
                  00000c10    00000008     F2837xD_GlobalVariableDefs.obj (CpuTimer2RegsFile)

PieCtrlRegsFile 
*          1    00000ce0    0000001a     UNINITIALIZED
                  00000ce0    0000001a     F2837xD_GlobalVariableDefs.obj (PieCtrlRegsFile)

PieVectTableFile 
*          1    00000d00    000001c0     UNINITIALIZED
                  00000d00    000001c0     F2837xD_GlobalVariableDefs.obj (PieVectTableFile)

EmuKeyVar 
*          1    00000d00    00000001     UNINITIALIZED
                  00000d00    00000001     F2837xD_GlobalVariableDefs.obj (EmuKeyVar)

EmuBModeVar 
*          1    00000d01    00000001     UNINITIALIZED
                  00000d01    00000001     F2837xD_GlobalVariableDefs.obj (EmuBModeVar)

FlashCallbackVar 
*          1    00000d02    00000000     UNINITIALIZED

FlashScalingVar 
*          1    00000d02    00000000     UNINITIALIZED

DmaRegsFile 
*          1    00001000    000000e0     UNINITIALIZED
                  00001000    000000e0     F2837xD_GlobalVariableDefs.obj (DmaRegsFile)

Cla1RegsFile 
*          1    00001400    0000003e     UNINITIALIZED
                  00001400    0000003e     F2837xD_GlobalVariableDefs.obj (Cla1RegsFile)

EPwm1RegsFile 
*          1    00004000    00000100     UNINITIALIZED
                  00004000    00000100     F2837xD_GlobalVariableDefs.obj (EPwm1RegsFile)

EPwm2RegsFile 
*          1    00004100    00000100     UNINITIALIZED
                  00004100    00000100     F2837xD_GlobalVariableDefs.obj (EPwm2RegsFile)

EPwm3RegsFile 
*          1    00004200    00000100     UNINITIALIZED
                  00004200    00000100     F2837xD_GlobalVariableDefs.obj (EPwm3RegsFile)

EPwm4RegsFile 
*          1    00004300    00000100     UNINITIALIZED
                  00004300    00000100     F2837xD_GlobalVariableDefs.obj (EPwm4RegsFile)

EPwm5RegsFile 
*          1    00004400    00000100     UNINITIALIZED
                  00004400    00000100     F2837xD_GlobalVariableDefs.obj (EPwm5RegsFile)

EPwm6RegsFile 
*          1    00004500    00000100     UNINITIALIZED
                  00004500    00000100     F2837xD_GlobalVariableDefs.obj (EPwm6RegsFile)

EPwm7RegsFile 
*          1    00004600    00000100     UNINITIALIZED
                  00004600    00000100     F2837xD_GlobalVariableDefs.obj (EPwm7RegsFile)

EPwm8RegsFile 
*          1    00004700    00000100     UNINITIALIZED
                  00004700    00000100     F2837xD_GlobalVariableDefs.obj (EPwm8RegsFile)

EPwm9RegsFile 
*          1    00004800    00000100     UNINITIALIZED
                  00004800    00000100     F2837xD_GlobalVariableDefs.obj (EPwm9RegsFile)

EPwm10RegsFile 
*          1    00004900    00000100     UNINITIALIZED
                  00004900    00000100     F2837xD_GlobalVariableDefs.obj (EPwm10RegsFile)

EPwm11RegsFile 
*          1    00004a00    00000100     UNINITIALIZED
                  00004a00    00000100     F2837xD_GlobalVariableDefs.obj (EPwm11RegsFile)

EPwm12RegsFile 
*          1    00004b00    00000100     UNINITIALIZED
                  00004b00    00000100     F2837xD_GlobalVariableDefs.obj (EPwm12RegsFile)

ECap1RegsFile 
*          1    00005000    00000020     UNINITIALIZED
                  00005000    00000020     F2837xD_GlobalVariableDefs.obj (ECap1RegsFile)

ECap2RegsFile 
*          1    00005020    00000020     UNINITIALIZED
                  00005020    00000020     F2837xD_GlobalVariableDefs.obj (ECap2RegsFile)

ECap3RegsFile 
*          1    00005040    00000020     UNINITIALIZED
                  00005040    00000020     F2837xD_GlobalVariableDefs.obj (ECap3RegsFile)

ECap4RegsFile 
*          1    00005060    00000020     UNINITIALIZED
                  00005060    00000020     F2837xD_GlobalVariableDefs.obj (ECap4RegsFile)

ECap5RegsFile 
*          1    00005080    00000020     UNINITIALIZED
                  00005080    00000020     F2837xD_GlobalVariableDefs.obj (ECap5RegsFile)

ECap6RegsFile 
*          1    000050a0    00000020     UNINITIALIZED
                  000050a0    00000020     F2837xD_GlobalVariableDefs.obj (ECap6RegsFile)

EQep1RegsFile 
*          1    00005100    00000022     UNINITIALIZED
                  00005100    00000022     F2837xD_GlobalVariableDefs.obj (EQep1RegsFile)

EQep2RegsFile 
*          1    00005140    00000022     UNINITIALIZED
                  00005140    00000022     F2837xD_GlobalVariableDefs.obj (EQep2RegsFile)

EQep3RegsFile 
*          1    00005180    00000022     UNINITIALIZED
                  00005180    00000022     F2837xD_GlobalVariableDefs.obj (EQep3RegsFile)

DacaRegsFile 
*          1    00005c00    00000008     UNINITIALIZED
                  00005c00    00000008     F2837xD_GlobalVariableDefs.obj (DacaRegsFile)

DacbRegsFile 
*          1    00005c10    00000008     UNINITIALIZED
                  00005c10    00000008     F2837xD_GlobalVariableDefs.obj (DacbRegsFile)

DaccRegsFile 
*          1    00005c20    00000008     UNINITIALIZED
                  00005c20    00000008     F2837xD_GlobalVariableDefs.obj (DaccRegsFile)

Sdfm1RegsFile 
*          1    00005e00    00000080     UNINITIALIZED
                  00005e00    00000080     F2837xD_GlobalVariableDefs.obj (Sdfm1RegsFile)

Sdfm2RegsFile 
*          1    00005e80    00000080     UNINITIALIZED
                  00005e80    00000080     F2837xD_GlobalVariableDefs.obj (Sdfm2RegsFile)

McbspaRegsFile 
*          1    00006000    00000024     UNINITIALIZED
                  00006000    00000024     F2837xD_GlobalVariableDefs.obj (McbspaRegsFile)

McbspbRegsFile 
*          1    00006040    00000024     UNINITIALIZED
                  00006040    00000024     F2837xD_GlobalVariableDefs.obj (McbspbRegsFile)

SpiaRegsFile 
*          1    00006100    00000010     UNINITIALIZED
                  00006100    00000010     F2837xD_GlobalVariableDefs.obj (SpiaRegsFile)

SpibRegsFile 
*          1    00006110    00000010     UNINITIALIZED
                  00006110    00000010     F2837xD_GlobalVariableDefs.obj (SpibRegsFile)

SpicRegsFile 
*          1    00006120    00000010     UNINITIALIZED
                  00006120    00000010     F2837xD_GlobalVariableDefs.obj (SpicRegsFile)

UppRegsFile 
*          1    00006200    00000048     UNINITIALIZED
                  00006200    00000048     F2837xD_GlobalVariableDefs.obj (UppRegsFile)

WdRegsFile 
*          1    00007000    0000002b     UNINITIALIZED
                  00007000    0000002b     F2837xD_GlobalVariableDefs.obj (WdRegsFile)

NmiIntruptRegsFile 
*          1    00007060    00000007     UNINITIALIZED
                  00007060    00000007     F2837xD_GlobalVariableDefs.obj (NmiIntruptRegsFile)

XintRegsFile 
*          1    00007070    0000000b     UNINITIALIZED
                  00007070    0000000b     F2837xD_GlobalVariableDefs.obj (XintRegsFile)

SciaRegsFile 
*          1    00007200    00000010     UNINITIALIZED
                  00007200    00000010     F2837xD_GlobalVariableDefs.obj (SciaRegsFile)

ScibRegsFile 
*          1    00007210    00000010     UNINITIALIZED
                  00007210    00000010     F2837xD_GlobalVariableDefs.obj (ScibRegsFile)

ScicRegsFile 
*          1    00007220    00000010     UNINITIALIZED
                  00007220    00000010     F2837xD_GlobalVariableDefs.obj (ScicRegsFile)

ScidRegsFile 
*          1    00007230    00000010     UNINITIALIZED
                  00007230    00000010     F2837xD_GlobalVariableDefs.obj (ScidRegsFile)

I2caRegsFile 
*          1    00007300    00000022     UNINITIALIZED
                  00007300    00000022     F2837xD_GlobalVariableDefs.obj (I2caRegsFile)

I2cbRegsFile 
*          1    00007340    00000022     UNINITIALIZED
                  00007340    00000022     F2837xD_GlobalVariableDefs.obj (I2cbRegsFile)

AdcaRegsFile 
*          1    00007400    00000080     UNINITIALIZED
                  00007400    00000080     F2837xD_GlobalVariableDefs.obj (AdcaRegsFile)

AdcbRegsFile 
*          1    00007480    00000080     UNINITIALIZED
                  00007480    00000080     F2837xD_GlobalVariableDefs.obj (AdcbRegsFile)

AdccRegsFile 
*          1    00007500    00000080     UNINITIALIZED
                  00007500    00000080     F2837xD_GlobalVariableDefs.obj (AdccRegsFile)

AdcdRegsFile 
*          1    00007580    00000080     UNINITIALIZED
                  00007580    00000080     F2837xD_GlobalVariableDefs.obj (AdcdRegsFile)

AnalogSubsysRegsFile 
*          1    0005d180    00000048     UNINITIALIZED
                  0005d180    00000048     F2837xD_GlobalVariableDefs.obj (AnalogSubsysRegsFile)

Cla1SoftIntRegsFile 
*          1    00000ce0    00000004     DSECT
                  00000ce0    00000004     F2837xD_GlobalVariableDefs.obj (Cla1SoftIntRegsFile)

Cmpss1RegsFile 
*          1    00005c80    00000020     UNINITIALIZED
                  00005c80    00000020     F2837xD_GlobalVariableDefs.obj (Cmpss1RegsFile)

Cmpss2RegsFile 
*          1    00005ca0    00000020     UNINITIALIZED
                  00005ca0    00000020     F2837xD_GlobalVariableDefs.obj (Cmpss2RegsFile)

Cmpss3RegsFile 
*          1    00005cc0    00000020     UNINITIALIZED
                  00005cc0    00000020     F2837xD_GlobalVariableDefs.obj (Cmpss3RegsFile)

Cmpss4RegsFile 
*          1    00005ce0    00000020     UNINITIALIZED
                  00005ce0    00000020     F2837xD_GlobalVariableDefs.obj (Cmpss4RegsFile)

Cmpss5RegsFile 
*          1    00005d00    00000020     UNINITIALIZED
                  00005d00    00000020     F2837xD_GlobalVariableDefs.obj (Cmpss5RegsFile)

Cmpss6RegsFile 
*          1    00005d20    00000020     UNINITIALIZED
                  00005d20    00000020     F2837xD_GlobalVariableDefs.obj (Cmpss6RegsFile)

Cmpss7RegsFile 
*          1    00005d40    00000020     UNINITIALIZED
                  00005d40    00000020     F2837xD_GlobalVariableDefs.obj (Cmpss7RegsFile)

Cmpss8RegsFile 
*          1    00005d60    00000020     UNINITIALIZED
                  00005d60    00000020     F2837xD_GlobalVariableDefs.obj (Cmpss8RegsFile)

InputXbarRegsFile 
*          1    00007900    00000020     UNINITIALIZED
                  00007900    00000020     F2837xD_GlobalVariableDefs.obj (InputXbarRegsFile)

XbarRegsFile 
*          1    00007920    00000020     UNINITIALIZED
                  00007920    00000020     F2837xD_GlobalVariableDefs.obj (XbarRegsFile)

SyncSocRegsFile 
*          1    00007940    00000006     UNINITIALIZED
                  00007940    00000006     F2837xD_GlobalVariableDefs.obj (SyncSocRegsFile)

DmaClaSrcSelRegsFile 
*          1    00007980    0000001a     UNINITIALIZED
                  00007980    0000001a     F2837xD_GlobalVariableDefs.obj (DmaClaSrcSelRegsFile)

EPwmXbarRegsFile 
*          1    00007a00    00000040     UNINITIALIZED
                  00007a00    00000040     F2837xD_GlobalVariableDefs.obj (EPwmXbarRegsFile)

OutputXbarRegsFile 
*          1    00007a80    00000040     UNINITIALIZED
                  00007a80    00000040     F2837xD_GlobalVariableDefs.obj (OutputXbarRegsFile)

GpioCtrlRegsFile 
*          1    00007c00    00000180     UNINITIALIZED
                  00007c00    00000180     F2837xD_GlobalVariableDefs.obj (GpioCtrlRegsFile)

GpioDataRegsFile 
*          1    00007f00    00000030     UNINITIALIZED
                  00007f00    00000030     F2837xD_GlobalVariableDefs.obj (GpioDataRegsFile)

Emif1RegsFile 
*          1    00047000    00000070     UNINITIALIZED
                  00047000    00000070     F2837xD_GlobalVariableDefs.obj (Emif1RegsFile)

Emif2RegsFile 
*          1    00047800    00000070     UNINITIALIZED
                  00047800    00000070     F2837xD_GlobalVariableDefs.obj (Emif2RegsFile)

IpcRegsFile 
*          1    00050000    00000024     UNINITIALIZED
                  00050000    00000024     F2837xD_GlobalVariableDefs.obj (IpcRegsFile)

FlashPumpSemaphoreRegsFile 
*          1    00050024    00000002     UNINITIALIZED
                  00050024    00000002     F2837xD_GlobalVariableDefs.obj (FlashPumpSemaphoreRegsFile)

RomPrefetchRegsFile 
*          1    0005e608    00000002     UNINITIALIZED
                  0005e608    00000002     F2837xD_GlobalVariableDefs.obj (RomPrefetchRegsFile)

DcsmZ1RegsFile 
*          1    0005f000    00000024     UNINITIALIZED
                  0005f000    00000024     F2837xD_GlobalVariableDefs.obj (DcsmZ1RegsFile)

DcsmZ2RegsFile 
*          1    0005f040    00000024     UNINITIALIZED
                  0005f040    00000024     F2837xD_GlobalVariableDefs.obj (DcsmZ2RegsFile)

DcsmCommonRegsFile 
*          1    0005f070    00000008     UNINITIALIZED
                  0005f070    00000008     F2837xD_GlobalVariableDefs.obj (DcsmCommonRegsFile)

MemCfgRegsFile 
*          1    0005f400    00000080     UNINITIALIZED
                  0005f400    00000080     F2837xD_GlobalVariableDefs.obj (MemCfgRegsFile)

Emif1ConfigRegsFile 
*          1    0005f480    00000020     UNINITIALIZED
                  0005f480    00000020     F2837xD_GlobalVariableDefs.obj (Emif1ConfigRegsFile)

Emif2ConfigRegsFile 
*          1    0005f4a0    00000020     UNINITIALIZED
                  0005f4a0    00000020     F2837xD_GlobalVariableDefs.obj (Emif2ConfigRegsFile)

AccessProtectionRegsFile 
*          1    0005f4c0    00000040     UNINITIALIZED
                  0005f4c0    00000040     F2837xD_GlobalVariableDefs.obj (AccessProtectionRegsFile)

MemoryErrorRegsFile 
*          1    0005f500    00000040     UNINITIALIZED
                  0005f500    00000040     F2837xD_GlobalVariableDefs.obj (MemoryErrorRegsFile)

RomWaitStateRegsFile 
*          1    0005f540    00000002     UNINITIALIZED
                  0005f540    00000002     F2837xD_GlobalVariableDefs.obj (RomWaitStateRegsFile)

Flash0CtrlRegsFile 
*          1    0005f800    00000182     UNINITIALIZED
                  0005f800    00000182     F2837xD_GlobalVariableDefs.obj (Flash0CtrlRegsFile)

Flash0EccRegsFile 
*          1    0005fb00    00000028     UNINITIALIZED
                  0005fb00    00000028     F2837xD_GlobalVariableDefs.obj (Flash0EccRegsFile)

DcsmZ1OtpFile 
*          1    00078000    00000020     NOLOAD SECTION
                  00078000    00000020     F2837xD_GlobalVariableDefs.obj (DcsmZ1OtpFile)

DcsmZ2OtpFile 
*          1    00078200    00000020     NOLOAD SECTION
                  00078200    00000020     F2837xD_GlobalVariableDefs.obj (DcsmZ2OtpFile)

DevCfgRegsFile 
*          1    0005d000    0000012e     UNINITIALIZED
                  0005d000    0000012e     F2837xD_GlobalVariableDefs.obj (DevCfgRegsFile)

ClkCfgRegsFile 
*          1    0005d200    00000032     UNINITIALIZED
                  0005d200    00000032     F2837xD_GlobalVariableDefs.obj (ClkCfgRegsFile)

CpuSysRegsFile 
*          1    0005d300    00000082     UNINITIALIZED
                  0005d300    00000082     F2837xD_GlobalVariableDefs.obj (CpuSysRegsFile)

.text.1    0    00000400    00000400     
                  00000400    000003a0     PV_Main.obj (.text:retain)
                  000007a0    00000056     rts2800_fpu32.lib : boot28.asm.obj (.text)
                  000007f6    0000000a     PV_DevInit_F28377S.obj (.text:retain)

.text.2    0    0000b000    00000800     
                  0000b000    000006a5     PV_DevInit_F28377S.obj (.text)
                  0000b6a5    000000c8     Init_GPIO.obj (.text)
                  0000b76d    00000088     rts2800_fpu32.lib : fs_div28.asm.obj (.text)
                  0000b7f5    00000009                       : _lock.c.obj (.text)
                  0000b7fe    00000002                       : pre_init.c.obj (.text)

.text.3    0    0000b800    00000800     
                  0000b800    00000585     F2837xD_DefaultISR.obj (.text:retain)
                  0000bd85    00000236     ADC_Conf.obj (.text)
                  0000bfbb    00000029     rts2800_fpu32.lib : exit.c.obj (.text)
                  0000bfe4    00000019                       : args_main.c.obj (.text)
                  0000bffd    00000003     F2837xD_DBGIER.obj (.text)

.text.4    0    00014000    00000ffb     
                  00014000    00000896     PV_Main.obj (.text)
                  00014896    00000522     can.obj (.text)
                  00014db8    000001ca     interrupt.obj (.text)
                  00014f82    00000027     delay.obj (.text)
                  00014fa9    00000024     rts2800_fpu32.lib : cpy_tbl.c.obj (.text)
                  00014fcd    0000001d                       : memcpy.c.obj (.text)
                  00014fea    00000010     DelayUs.obj (.text)
                  00014ffa    00000001     rts2800_fpu32.lib : startup.c.obj (.text)

.text.5    0    00015000    00000017     
                  00015000    0000000f     interrupt.obj (.text:retain)
                  0001500f    00000008     F2837xD_CodeStartBranch.obj (.text)

MODULE SUMMARY

       Module                           code    initialized data   uninitialized data
       ------                           ----    ----------------   ------------------
    .\_1_PV_DC_AC\source\
       PV_Task_C.obj                    7326    0                  819               
       PV_Main.obj                      3126    178                1010              
       PV_DevInit_F28377S.obj           1711    0                  0                 
    +--+--------------------------------+-------+------------------+--------------------+
       Total:                           12163   178                1829              
                                                                                     
    .\_2_Libruary\Driver\source\
       ADC_Conf.obj                     566     0                  0                 
       pga411.obj                       0       5                  2                 
    +--+--------------------------------+-------+------------------+--------------------+
       Total:                           566     5                  2                 
                                                                                     
    .\_3_Board\source\
       Init_GPIO.obj                    200     0                  0                 
       delay.obj                        39      0                  0                 
    +--+--------------------------------+-------+------------------+--------------------+
       Total:                           239     0                  0                 
                                                                                     
    .\_4_Device\F2837xD_common\driverlib\
       can.obj                          1314    9                  0                 
       interrupt.obj                    473     0                  0                 
       sysctl.obj                       4       0                  0                 
    +--+--------------------------------+-------+------------------+--------------------+
       Total:                           1791    9                  0                 
                                                                                     
    .\_4_Device\F2837xD_common\source\
       F2837xD_DefaultISR.obj           1413    0                  0                 
       F2837xD_struct.obj               0       144                114               
       F2837xD_CpuTimers.obj            0       0                  24                
       DelayUs.obj                      16      0                  0                 
       F2837xD_CodeStartBranch.obj      10      0                  0                 
       F2837xD_TempSensorConv.obj       0       0                  6                 
       F2837xD_usDelay.obj              4       0                  0                 
       F2837xD_DBGIER.obj               3       0                  0                 
    +--+--------------------------------+-------+------------------+--------------------+
       Total:                           1446    144                144               
                                                                                     
    .\_4_Device\F2837xD_headers\source\
       F2837xD_GlobalVariableDefs.obj   0       0                  8047              
    +--+--------------------------------+-------+------------------+--------------------+
       Total:                           0       0                  8047              
                                                                                     
    ../_2_Libruary/Math/CLAmath/lib/cla1_math_library_fpu32.lib
       CLASinCosTable.obj               0       342                0                 
       CLAcosPU.obj                     56      0                  2                 
       CLAsinPU.obj                     56      0                  2                 
       CLAsqrt.obj                      32      0                  4                 
    +--+--------------------------------+-------+------------------+--------------------+
       Total:                           144     342                8                 
                                                                                     
    H:\ti\ccs920\ccs\tools\compiler\ti-cgt-c2000_18.12.3.LTS\lib\rts2800_fpu32.lib
       fs_div28.asm.obj                 136     0                  0                 
       boot28.asm.obj                   86      0                  0                 
       exit.c.obj                       41      14                 6                 
       cpy_tbl.c.obj                    36      0                  0                 
       memcpy.c.obj                     29      0                  0                 
       args_main.c.obj                  25      0                  0                 
       _lock.c.obj                      9       10                 4                 
       pre_init.c.obj                   2       0                  0                 
       startup.c.obj                    1       0                  0                 
    +--+--------------------------------+-------+------------------+--------------------+
       Total:                           365     24                 10                
                                                                                     
       Stack:                           0       0                  512               
    +--+--------------------------------+-------+------------------+--------------------+
       Grand Total:                     16714   702                10552             


GLOBAL DATA SYMBOLS: SORTED BY DATA PAGE

address     data page           name
--------    ----------------    ----
00000b00      2c (00000b00)     _AdcaResultRegs
00000b20      2c (00000b00)     _AdcbResultRegs

00000b40      2d (00000b40)     _AdccResultRegs
00000b60      2d (00000b40)     _AdcdResultRegs

00000c00      30 (00000c00)     _CpuTimer0Regs
00000c08      30 (00000c00)     _CpuTimer1Regs
00000c10      30 (00000c00)     _CpuTimer2Regs

00000ce0      33 (00000cc0)     _Cla1SoftIntRegs
00000ce0      33 (00000cc0)     _PieCtrlRegs

00000d00      34 (00000d00)     _EmuKey
00000d00      34 (00000d00)     _PieVectTable
00000d01      34 (00000d00)     _EmuBMode

00001000      40 (00001000)     _DmaRegs

00001400      50 (00001400)     _Cla1Regs

00001480      52 (00001480)     _ClaToCPU

00001500      54 (00001500)     _CpuToCLA

00004000     100 (00004000)     _EPwm1Regs

00004100     104 (00004100)     _EPwm2Regs

00004200     108 (00004200)     _EPwm3Regs

00004300     10c (00004300)     _EPwm4Regs

00004400     110 (00004400)     _EPwm5Regs

00004500     114 (00004500)     _EPwm6Regs

00004600     118 (00004600)     _EPwm7Regs

00004700     11c (00004700)     _EPwm8Regs

00004800     120 (00004800)     _EPwm9Regs

00004900     124 (00004900)     _EPwm10Regs

00004a00     128 (00004a00)     _EPwm11Regs

00004b00     12c (00004b00)     _EPwm12Regs

00005000     140 (00005000)     _ECap1Regs
00005020     140 (00005000)     _ECap2Regs

00005040     141 (00005040)     _ECap3Regs
00005060     141 (00005040)     _ECap4Regs

00005080     142 (00005080)     _ECap5Regs
000050a0     142 (00005080)     _ECap6Regs

00005100     144 (00005100)     _EQep1Regs

00005140     145 (00005140)     _EQep2Regs

00005180     146 (00005180)     _EQep3Regs

00005c00     170 (00005c00)     _DacaRegs
00005c10     170 (00005c00)     _DacbRegs
00005c20     170 (00005c00)     _DaccRegs

00005c80     172 (00005c80)     _Cmpss1Regs
00005ca0     172 (00005c80)     _Cmpss2Regs

00005cc0     173 (00005cc0)     _Cmpss3Regs
00005ce0     173 (00005cc0)     _Cmpss4Regs

00005d00     174 (00005d00)     _Cmpss5Regs
00005d20     174 (00005d00)     _Cmpss6Regs

00005d40     175 (00005d40)     _Cmpss7Regs
00005d60     175 (00005d40)     _Cmpss8Regs

00005e00     178 (00005e00)     _Sdfm1Regs

00005e80     17a (00005e80)     _Sdfm2Regs

00006000     180 (00006000)     _McbspaRegs

00006040     181 (00006040)     _McbspbRegs

00006100     184 (00006100)     _SpiaRegs
00006110     184 (00006100)     _SpibRegs
00006120     184 (00006100)     _SpicRegs

00006200     188 (00006200)     _UppRegs

00007000     1c0 (00007000)     _WdRegs

00007060     1c1 (00007040)     _NmiIntruptRegs
00007070     1c1 (00007040)     _XintRegs

00007200     1c8 (00007200)     _SciaRegs
00007210     1c8 (00007200)     _ScibRegs
00007220     1c8 (00007200)     _ScicRegs
00007230     1c8 (00007200)     _ScidRegs

00007300     1cc (00007300)     _I2caRegs

00007340     1cd (00007340)     _I2cbRegs

00007400     1d0 (00007400)     _AdcaRegs

00007480     1d2 (00007480)     _AdcbRegs

00007500     1d4 (00007500)     _AdccRegs

00007580     1d6 (00007580)     _AdcdRegs

00007900     1e4 (00007900)     _InputXbarRegs
00007920     1e4 (00007900)     _XbarRegs

00007940     1e5 (00007940)     _SyncSocRegs

00007980     1e6 (00007980)     _DmaClaSrcSelRegs

00007a00     1e8 (00007a00)     _EPwmXbarRegs

00007a80     1ea (00007a80)     _OutputXbarRegs

00007c00     1f0 (00007c00)     _GpioCtrlRegs

00007f00     1fc (00007f00)     _GpioDataRegs

00008000     200 (00008000)     _IsrCount
00008002     200 (00008000)     _IsrTicker
00008004     200 (00008000)     _rg1
00008010     200 (00008000)     _park_volt_Vg

00008066     201 (00008040)     _pll_Vg

00008082     202 (00008080)     _PR_Parameter_curr
000080a0     202 (00008080)     _PR_Calculator_curr
000080b0     202 (00008080)     _PR_Parameter_volt

000080ce     203 (000080c0)     _PR_Calculator_volt
000080de     203 (000080c0)     _Os_para
000080fc     203 (000080c0)     _Os_calcu

0000812c     204 (00008100)     _pi_volt_Udc

00008146     205 (00008140)     _pi_volt_Us
00008160     205 (00008140)     _Spwm
00008178     205 (00008140)     _pwm

0000818c     206 (00008180)     _rc1
0000819a     206 (00008180)     _rc_Ref
000081a8     206 (00008180)     _Calculator_VgRms
000081b4     206 (00008180)     _Calculator_VLRms

000081c0     207 (000081c0)     _Calculator_IinvRms
000081cc     207 (000081c0)     _Calculator_ILRms
000081d8     207 (000081c0)     _AdcVaule
000081ea     207 (000081c0)     _adc_filter
000081fc     207 (000081c0)     _adc_offset

0000820e     208 (00008200)     _filterBand_Udc
00008236     208 (00008200)     _filter_Udc_pre

00008242     209 (00008240)     _filter_Udc
0000824e     209 (00008240)     _filter_Udc1
0000825a     209 (00008240)     _filter_Udc2
00008266     209 (00008240)     _filter_Iinv
00008272     209 (00008240)     _filter_IL
0000827e     209 (00008240)     _filter_Vg

0000828a     20a (00008280)     _filter_VL
00008296     20a (00008280)     _filter_temp
000082a2     20a (00008280)     _filter_IinvRms
000082ae     20a (00008280)     _filter_ILRms
000082ba     20a (00008280)     _filter_VgRms

000082c6     20b (000082c0)     _filter_VLRms
000082d2     20b (000082c0)     _Kp_curr_test
000082d4     20b (000082c0)     _Ki_curr_test
000082d6     20b (000082c0)     _Kp_volt_Us_test
000082d8     20b (000082c0)     _Ki_volt_Us_test
000082da     20b (000082c0)     _Kp_volt_Udc_test
000082dc     20b (000082c0)     _Ki_volt_Udc_test
000082de     20b (000082c0)     _loop_curr_Is
000082df     20b (000082c0)     _loop_volt_Us
000082e0     20b (000082c0)     _loop_volt_Udc
000082e1     20b (000082c0)     _count_start_CL
000082e2     20b (000082c0)     _controller_error_curr
000082e3     20b (000082c0)     _controller_error_volt
000082e4     20b (000082c0)     _sw_uc
000082e5     20b (000082c0)     _count_controller_curr
000082e6     20b (000082c0)     _OffsetCalCounter
000082e7     20b (000082c0)     _ResetOffset
000082e8     20b (000082c0)     _i
000082e9     20b (000082c0)     _START_ADC
000082ea     20b (000082c0)     _START_CONTROLLER
000082ec     20b (000082c0)     _Is
000082ee     20b (000082c0)     _Us
000082f0     20b (000082c0)     _point_start
000082f2     20b (000082c0)     _CLAsinTable
000082f2     20b (000082c0)     _CLAsincosTable
000082f2     20b (000082c0)     _CLAsincosTable_Sin0

00008332     20c (00008300)     _CLAcosTable
00008332     20c (00008300)     _CLAsincosTable_Cos0

000083f2     20f (000083c0)     _CLAsinTableEnd

00008434     210 (00008400)     _CLAcosTableEnd
00008434     210 (00008400)     _CLAsincosTable_TABLE_SIZE
00008436     210 (00008400)     _CLAsincosTable_TABLE_SIZEDivTwoPi
00008438     210 (00008400)     _CLAsincosTable_TwoPiDivTABLE_SIZE
0000843a     210 (00008400)     _CLAsincosTable_TABLE_MASK
0000843c     210 (00008400)     _CLAsincosTable_Coef0
0000843e     210 (00008400)     _CLAsincosTable_Coef1

00008440     211 (00008440)     _CLAsincosTable_Coef1_pos
00008442     211 (00008440)     _CLAsincosTable_Coef2
00008444     211 (00008440)     _CLAsincosTable_Coef3
00008446     211 (00008440)     _CLAsincosTable_Coef3_neg
00008448     211 (00008440)     _CLAsincosTableEnd

0000e000     380 (0000e000)     __stack

00011000     440 (00011000)     _Datalog1

00011190     446 (00011180)     _TRIP_SEL
000111ae     446 (00011180)     _ECAP
000111bc     446 (00011180)     _I2C

000111c0     447 (000111c0)     _Datalog2

00011350     44d (00011340)     _EPWM
0001136a     44d (00011340)     _ADC
00011374     44d (00011340)     _EQEP
0001137c     44d (00011340)     _MCBSP

00011380     44e (00011380)     _clkPrescale
00011381     44e (00011380)     _sampwin
00011382     44e (00011380)     _thresh
00011383     44e (00011380)     _LEM_curHi
00011384     44e (00011380)     _LEM_curLo
00011385     44e (00011380)     _RxID
00011386     44e (00011380)     _TxID
00011387     44e (00011380)     _START
00011388     44e (00011380)     _StartFlag
00011389     44e (00011380)     _error
0001138a     44e (00011380)     _ChannelAdc
0001138b     44e (00011380)     _Task1_Isr
0001138c     44e (00011380)     _Task8_Isr
0001138d     44e (00011380)     _Pwm_Isr
0001138e     44e (00011380)     _RESET_IGBT
0001138f     44e (00011380)     _ResetIGBTFlag
00011390     44e (00011380)     _TripFlagIGBT
00011391     44e (00011380)     _reset_charge
00011392     44e (00011380)     _OverCurrentMeasure
00011393     44e (00011380)     _clearTripFlagDMC
00011394     44e (00011380)     _OverCurrentChargeCap
00011395     44e (00011380)     _ChargeCapFlag
00011398     44e (00011380)     _Alpha_State_Ptr
0001139a     44e (00011380)     _A_Task_Ptr
0001139c     44e (00011380)     _B_Task_Ptr
0001139e     44e (00011380)     _C_Task_Ptr
000113a0     44e (00011380)     _curLimit
000113a2     44e (00011380)     _curPeakLimit
000113a4     44e (00011380)     _g_ulTxMsgCount
000113a6     44e (00011380)     _g_ulRxMsgCount
000113a8     44e (00011380)     _u32CanAErrorStatus
000113aa     44e (00011380)     _g_bErrFlag
000113ac     44e (00011380)     _ulStatus
000113ae     44e (00011380)     _adc_cal
000113b0     44e (00011380)     _data
000113b2     44e (00011380)     _canbit
000113b6     44e (00011380)     _TxMsgData
000113bb     44e (00011380)     _RxMsgData

000113c0     44f (000113c0)     _sTXCANMessage
000113ca     44f (000113c0)     _sRXCANMessage
000113d4     44f (000113c0)     _pwm1
000113e2     44f (000113c0)     _Setting_PV

00011400     450 (00011400)     _Limit
0001141c     450 (00011400)     _ePWM
00011436     450 (00011400)     _SPI
0001143e     450 (00011400)     __lock

00011440     451 (00011440)     _CpuTimer0
00011448     451 (00011440)     _CpuTimer1
00011450     451 (00011440)     _CpuTimer2
00011458     451 (00011440)     _ucRXMsgData
00011460     451 (00011440)     _ucTXMsgData
00011468     451 (00011440)     _tempSensor_tempSlope
0001146a     451 (00011440)     _tempSensor_tempOffset
0001146c     451 (00011440)     _tempSensor_scaleFactor
0001146e     451 (00011440)     _SDFM
00011474     451 (00011440)     ___TI_enable_exit_profile_output
00011476     451 (00011440)     ___TI_cleanup_ptr
00011478     451 (00011440)     ___TI_dtors_ptr
0001147a     451 (00011440)     _SCI
0001147e     451 (00011440)     __unlock

00011480     452 (00011480)     _VTimer0
00011484     452 (00011480)     _VTimer1
00011488     452 (00011480)     _VTimer2
0001148c     452 (00011480)     _pga411_spi_frame

00047000    11c0 (00047000)     _Emif1Regs

00047800    11e0 (00047800)     _Emif2Regs

00050000    1400 (00050000)     _IpcRegs
00050024    1400 (00050000)     _FlashPumpSemaphoreRegs

0005d000    1740 (0005d000)     _DevCfgRegs

0005d180    1746 (0005d180)     _AnalogSubsysRegs

0005d200    1748 (0005d200)     _ClkCfgRegs

0005d300    174c (0005d300)     _CpuSysRegs

0005e608    1798 (0005e600)     _RomPrefetchRegs

0005f000    17c0 (0005f000)     _DcsmZ1Regs

0005f040    17c1 (0005f040)     _DcsmZ2Regs
0005f070    17c1 (0005f040)     _DcsmCommonRegs

0005f400    17d0 (0005f400)     _MemCfgRegs

0005f480    17d2 (0005f480)     _Emif1ConfigRegs
0005f4a0    17d2 (0005f480)     _Emif2ConfigRegs

0005f4c0    17d3 (0005f4c0)     _AccessProtectionRegs

0005f500    17d4 (0005f500)     _MemoryErrorRegs

0005f540    17d5 (0005f540)     _RomWaitStateRegs

0005f800    17e0 (0005f800)     _Flash0CtrlRegs

0005fb00    17ec (0005fb00)     _Flash0EccRegs

00078000    1e00 (00078000)     _DcsmZ1Otp

00078200    1e08 (00078200)     _DcsmZ2Otp


GLOBAL SYMBOLS: SORTED ALPHABETICALLY BY Name 

page  address   name                              
----  -------   ----                              
abs   ffffffff  .text                             
0     0000bfbb  C$$EXIT                           
abs   00000100  CLA_SCRATCHPAD_SIZE               
0     0000b76d  FS$$DIV                           
0     0001439b  _A0                               
1     0001136a  _ADC                              
0     0000b8be  _ADCA1_ISR                        
0     0000bb3e  _ADCA2_ISR                        
0     0000bb48  _ADCA3_ISR                        
0     0000bb52  _ADCA4_ISR                        
0     0000bb34  _ADCA_EVT_ISR                     
0     0000b8c8  _ADCB1_ISR                        
0     0000bb66  _ADCB2_ISR                        
0     0000bb70  _ADCB3_ISR                        
0     0000bb7a  _ADCB4_ISR                        
0     0000bb5c  _ADCB_EVT_ISR                     
0     0000b8d2  _ADCC1_ISR                        
0     0000bcce  _ADCC2_ISR                        
0     0000bcd8  _ADCC3_ISR                        
0     0000bce2  _ADCC4_ISR                        
0     0000bcc4  _ADCC_EVT_ISR                     
0     0000b8f0  _ADCD1_ISR                        
0     0000bcf6  _ADCD2_ISR                        
0     0000bd00  _ADCD3_ISR                        
0     0000bd0a  _ADCD4_ISR                        
0     0000bcec  _ADCD_EVT_ISR                     
0     0000bd46  _AUX_PLL_SLIP_ISR                 
1     0001139a  _A_Task_Ptr                       
1     0005f4c0  _AccessProtectionRegs             
0     0000bd85  _AdcSetMode                       
1     000081d8  _AdcVaule                         
1     00007400  _AdcaRegs                         
1     00000b00  _AdcaResultRegs                   
1     00007480  _AdcbRegs                         
1     00000b20  _AdcbResultRegs                   
1     00007500  _AdccRegs                         
1     00000b40  _AdccResultRegs                   
1     00007580  _AdcdRegs                         
1     00000b60  _AdcdResultRegs                   
1     00011398  _Alpha_State_Ptr                  
1     0005d180  _AnalogSubsysRegs                 
0     000143b1  _B0                               
1     0001139c  _B_Task_Ptr                       
0     000143c7  _C0                               
0     00014454  _C1                               
0     0000bb0c  _CANA0_ISR                        
0     0000bb16  _CANA1_ISR                        
0     0000bb20  _CANB0_ISR                        
0     0000bb2a  _CANB1_ISR                        
0     00014a17  _CANBitRateSet                    
0     000149ec  _CANBitTimingGet                  
0     00014a84  _CANBitTimingSet                  
0     000149c5  _CANClkSourceSelect               
0     000149bd  _CANDisable                       
0     000149b4  _CANEnable                        
0     00014b8e  _CANErrCntrGet                    
0     00014da2  _CANGlobalIntClear                
0     00014d98  _CANGlobalIntDisable              
0     00014d8f  _CANGlobalIntEnable               
0     00014dab  _CANGlobalIntstatusGet            
0     00014907  _CANInit                          
0     00014b22  _CANIntClear                      
0     00014af8  _CANIntDisable                    
0     00014aea  _CANIntEnable                     
0     000006f9  _CANIntHandler                    
0     00014acd  _CANIntRegister                   
0     00014b08  _CANIntStatus                     
0     00014add  _CANIntUnregister                 
0     00014d69  _CANMessageClear                  
0     00014c95  _CANMessageGet                    
0     00014ba9  _CANMessageSet                    
0     00014b5c  _CANRetryGet                      
0     00014b4b  _CANRetrySet                      
0     00014b66  _CANStatusGet                     
0     000143e0  _CHECKING_STATE                   
0     0000bb84  _CLA1_1_ISR                       
0     0000bb8e  _CLA1_2_ISR                       
0     0000bb98  _CLA1_3_ISR                       
0     0000bba2  _CLA1_4_ISR                       
0     0000bbac  _CLA1_5_ISR                       
0     0000bbb6  _CLA1_6_ISR                       
0     0000bbc0  _CLA1_7_ISR                       
0     0000bbca  _CLA1_8_ISR                       
0     0000b2c0  _CLA_Init                         
0     0000bd50  _CLA_OVERFLOW_ISR                 
0     0000bd5a  _CLA_UNDERFLOW_ISR                
0     0000b342  _CLA_configClaMemory              
0     0000b37e  _CLA_initCpu1Cla1                 
0     0000a46e  _CLAcosPU                         
1     00008332  _CLAcosTable                      
1     00008434  _CLAcosTableEnd                   
0     0000a4a6  _CLAsinPU                         
1     000082f2  _CLAsinTable                      
1     000083f2  _CLAsinTableEnd                   
1     000082f2  _CLAsincosTable                   
1     00008448  _CLAsincosTableEnd                
1     0000843c  _CLAsincosTable_Coef0             
1     0000843e  _CLAsincosTable_Coef1             
1     00008440  _CLAsincosTable_Coef1_pos         
1     00008442  _CLAsincosTable_Coef2             
1     00008444  _CLAsincosTable_Coef3             
1     00008446  _CLAsincosTable_Coef3_neg         
1     00008332  _CLAsincosTable_Cos0              
1     000082f2  _CLAsincosTable_Sin0              
1     0000843a  _CLAsincosTable_TABLE_MASK        
1     00008434  _CLAsincosTable_TABLE_SIZE        
1     00008436  _CLAsincosTable_TABLE_SIZEDivTwoPi
1     00008438  _CLAsincosTable_TwoPiDivTABLE_SIZE
0     0000a4de  _CLAsqrt                          
0     000143e7  _CMPSS_DIG_FILTER                 
0     000146cb  _CMPSS_Protection                 
0     000143df  _CONFIG_STATE                     
1     0001139e  _C_Task_Ptr                       
0     0000be3c  _CalAdcINL                        
1     000081cc  _Calculator_ILRms                 
1     000081c0  _Calculator_IinvRms               
1     000081b4  _Calculator_VLRms                 
1     000081a8  _Calculator_VgRms                 
1     0001138a  _ChannelAdc                       
1     00011395  _ChargeCapFlag                    
abs   00000000  _Cla1ConstLoadSize                
1     00008000  _Cla1ConstLoadStart               
1     00008000  _Cla1ConstRunStart                
1     00001400  _Cla1Regs                         
0     00000ce0  _Cla1SoftIntRegs                  
0     00008800  _Cla1Task1                        
0     0000a4fe  _Cla1Task2                        
0     0000a506  _Cla1Task3                        
0     0000a50e  _Cla1Task4                        
0     0000a516  _Cla1Task5                        
0     0000a51e  _Cla1Task6                        
0     0000a526  _Cla1Task7                        
0     00009c4a  _Cla1Task8                        
1     00001480  _ClaToCPU                         
1     0005d200  _ClkCfgRegs                       
1     00005c80  _Cmpss1Regs                       
1     00005ca0  _Cmpss2Regs                       
1     00005cc0  _Cmpss3Regs                       
1     00005ce0  _Cmpss4Regs                       
1     00005d00  _Cmpss5Regs                       
1     00005d20  _Cmpss6Regs                       
1     00005d40  _Cmpss7Regs                       
1     00005d60  _Cmpss8Regs                       
1     0005d300  _CpuSysRegs                       
1     00011440  _CpuTimer0                        
1     00000c00  _CpuTimer0Regs                    
1     00011448  _CpuTimer1                        
1     00000c08  _CpuTimer1Regs                    
1     00011450  _CpuTimer2                        
1     00000c10  _CpuTimer2Regs                    
1     00001500  _CpuToCLA                         
0     0000b814  _DATALOG_ISR                      
0     0000ba58  _DMA_CH1_ISR                      
0     0000ba62  _DMA_CH2_ISR                      
0     0000ba6c  _DMA_CH3_ISR                      
0     0000ba76  _DMA_CH4_ISR                      
0     0000ba80  _DMA_CH5_ISR                      
0     0000ba8a  _DMA_CH6_ISR                      
1     00005c00  _DacaRegs                         
1     00005c10  _DacbRegs                         
1     00005c20  _DaccRegs                         
1     00011000  _Datalog1                         
1     000111c0  _Datalog2                         
1     0005f070  _DcsmCommonRegs                   
1     00078000  _DcsmZ1Otp                        
1     0005f000  _DcsmZ1Regs                       
1     00078200  _DcsmZ2Otp                        
1     0005f040  _DcsmZ2Regs                       
0     00014f82  _DelayMs                          
0     00014f95  _DelayS                           
0     00014fea  _DelayUs                          
1     0005d000  _DevCfgRegs                       
0     0000b000  _DeviceInit                       
0     0000b50b  _DisableDog                       
0     0000b49b  _DisablePeripheralClocks          
1     00007980  _DmaClaSrcSelRegs                 
1     00001000  _DmaRegs                          
1     000111ae  _ECAP                             
0     0000b9ae  _ECAP1_ISR                        
0     0000b9b8  _ECAP2_ISR                        
0     0000b9c2  _ECAP3_ISR                        
0     0000b9cc  _ECAP4_ISR                        
0     0000b9d6  _ECAP5_ISR                        
0     0000b9e0  _ECAP6_ISR                        
1     00005000  _ECap1Regs                        
1     00005020  _ECap2Regs                        
1     00005040  _ECap3Regs                        
1     00005060  _ECap4Regs                        
1     00005080  _ECap5Regs                        
1     000050a0  _ECap6Regs                        
0     0000bd14  _EMIF_ERROR_ISR                   
0     0000bd6e  _EMPTY_ISR                        
0     0000b828  _EMU_ISR                          
1     00011350  _EPWM                             
0     0000bc6a  _EPWM10_ISR                       
0     0000bc42  _EPWM10_TZ_ISR                    
0     0000bc74  _EPWM11_ISR                       
0     0000bc4c  _EPWM11_TZ_ISR                    
0     0000bc7e  _EPWM12_ISR                       
0     0000bc56  _EPWM12_TZ_ISR                    
0     0000b95e  _EPWM1_ISR                        
0     0000b90e  _EPWM1_TZ_ISR                     
0     0000b968  _EPWM2_ISR                        
0     0000b918  _EPWM2_TZ_ISR                     
0     0000b972  _EPWM3_ISR                        
0     0000b922  _EPWM3_TZ_ISR                     
0     0000b97c  _EPWM4_ISR                        
0     0000b92c  _EPWM4_TZ_ISR                     
0     0000b986  _EPWM5_ISR                        
0     0000b936  _EPWM5_TZ_ISR                     
0     0000b990  _EPWM6_ISR                        
0     0000b940  _EPWM6_TZ_ISR                     
0     0000b99a  _EPWM7_ISR                        
0     0000b94a  _EPWM7_TZ_ISR                     
0     0000b9a4  _EPWM8_ISR                        
0     0000b954  _EPWM8_TZ_ISR                     
0     0000bc60  _EPWM9_ISR                        
0     0000bc38  _EPWM9_TZ_ISR                     
1     00004900  _EPwm10Regs                       
1     00004a00  _EPwm11Regs                       
1     00004b00  _EPwm12Regs                       
1     00004000  _EPwm1Regs                        
1     00004100  _EPwm2Regs                        
1     00004200  _EPwm3Regs                        
1     00004300  _EPwm4Regs                        
1     00004400  _EPwm5Regs                        
1     00004500  _EPwm6Regs                        
1     00004600  _EPwm7Regs                        
1     00004700  _EPwm8Regs                        
1     00004800  _EPwm9Regs                        
1     00007a00  _EPwmXbarRegs                     
1     00011374  _EQEP                             
0     0000b9ea  _EQEP1_ISR                        
0     0000b9f4  _EQEP2_ISR                        
0     0000b9fe  _EQEP3_ISR                        
1     00005100  _EQep1Regs                        
1     00005140  _EQep2Regs                        
1     00005180  _EQep3Regs                        
1     0005f480  _Emif1ConfigRegs                  
1     00047000  _Emif1Regs                        
1     0005f4a0  _Emif2ConfigRegs                  
1     00047800  _Emif2Regs                        
1     00000d01  _EmuBMode                         
1     00000d00  _EmuKey                           
0     00000002  _F28x_usDelay                     
0     0000bd28  _FLASH_CORRECTABLE_ERROR_ISR      
0     0000bbfc  _FPU_OVERFLOW_ISR                 
0     0000bc06  _FPU_UNDERFLOW_ISR                
1     0005f800  _Flash0CtrlRegs                   
1     0005fb00  _Flash0EccRegs                    
1     00050024  _FlashPumpSemaphoreRegs           
0     0000b645  _GPIO_EnableUnbondedIOPullups     
0     0000b6a5  _GPIO_Init                        
1     00007c00  _GpioCtrlRegs                     
1     00007f00  _GpioDataRegs                     
1     000111bc  _I2C                              
0     0000ba9e  _I2CA_FIFO_ISR                    
0     0000ba94  _I2CA_ISR                         
0     0000bab2  _I2CB_FIFO_ISR                    
0     0000baa8  _I2CB_ISR                         
1     00007300  _I2caRegs                         
1     00007340  _I2cbRegs                         
0     0000b83c  _ILLEGAL_ISR                      
0     0000bc10  _IPC0_ISR                         
0     0000bc1a  _IPC1_ISR                         
0     0000bc24  _IPC2_ISR                         
0     0000bc2e  _IPC3_ISR                         
0     000007f6  _ISR_ILLEGAL                      
0     0000b5a9  _InitAuxPll                       
0     0000b4b3  _InitFlash                        
0     0000b4d8  _InitFlash_Bank0                  
0     0000b413  _InitPeripheralClocks             
0     0000b519  _InitSysPll                       
0     0000be76  _Init_ADC_A                       
0     0000bef4  _Init_ADC_B                       
0     0000bf65  _Init_ADC_C                       
1     00007900  _InputXbarRegs                    
0     00015000  _IntDefaultHandler                
0     00014e83  _IntDisable                       
0     00014df0  _IntEnable                        
0     00014f03  _IntIFRClear                      
0     00014dc0  _IntMasterDisable                 
0     00014db8  _IntMasterEnable                  
0     00014dc8  _IntRegister                      
0     00014ddb  _IntUnregister                    
1     00050000  _IpcRegs                          
1     000082ec  _Is                               
1     00008000  _IsrCount                         
1     00008002  _IsrTicker                        
1     000082d4  _Ki_curr_test                     
1     000082dc  _Ki_volt_Udc_test                 
1     000082d8  _Ki_volt_Us_test                  
1     000082d2  _Kp_curr_test                     
1     000082da  _Kp_volt_Udc_test                 
1     000082d6  _Kp_volt_Us_test                  
1     00011383  _LEM_curHi                        
1     00011384  _LEM_curLo                        
1     00011400  _Limit                            
1     0001137c  _MCBSP                            
0     0000ba30  _MCBSPA_RX_ISR                    
0     0000ba3a  _MCBSPA_TX_ISR                    
0     0000ba44  _MCBSPB_RX_ISR                    
0     0000ba4e  _MCBSPB_TX_ISR                    
1     00006000  _McbspaRegs                       
1     00006040  _McbspbRegs                       
1     0005f400  _MemCfgRegs                       
0     0000b692  _MemCopy                          
1     0005f500  _MemoryErrorRegs                  
0     0000b832  _NMI_ISR                          
0     0000bd7b  _NOTUSED_ISR                      
1     00007060  _NmiIntruptRegs                   
1     000082e6  _OffsetCalCounter                 
1     000080fc  _Os_calcu                         
1     000080de  _Os_para                          
1     00007a80  _OutputXbarRegs                   
1     00011394  _OverCurrentChargeCap             
1     00011392  _OverCurrentMeasure               
0     0000bd64  _PIE_RESERVED_ISR                 
1     000080a0  _PR_Calculator_curr               
1     000080ce  _PR_Calculator_volt               
1     00008082  _PR_Parameter_curr                
1     000080b0  _PR_Parameter_volt                
0     0000b3ce  _PieCntlInit                      
1     00000ce0  _PieCtrlRegs                      
1     00000d00  _PieVectTable                     
0     0000b3ed  _PieVectTableInit                 
1     0001138d  _Pwm_Isr                          
0     0000bd32  _RAM_ACCESS_VIOLATION_ISR         
0     0000bd1e  _RAM_CORRECTABLE_ERROR_ISR        
1     0001138e  _RESET_IGBT                       
0     0000b81e  _RTOS_ISR                         
0     000143de  _RUN_STATE                        
0     00014549  _ReciveCan                        
0     0000b72b  _ResetIGBT                        
1     0001138f  _ResetIGBTFlag                    
1     000082e7  _ResetOffset                      
1     0005e608  _RomPrefetchRegs                  
1     0005f540  _RomWaitStateRegs                 
1     00011385  _RxID                             
1     000113bb  _RxMsgData                        
1     0001147a  _SCI                              
0     0000bae4  _SCIA_RX_ISR                      
0     0000baee  _SCIA_TX_ISR                      
0     0000baf8  _SCIB_RX_ISR                      
0     0000bb02  _SCIB_TX_ISR                      
0     0000babc  _SCIC_RX_ISR                      
0     0000bac6  _SCIC_TX_ISR                      
0     0000bad0  _SCID_RX_ISR                      
0     0000bada  _SCID_TX_ISR                      
0     0000bc88  _SD1_ISR                          
0     0000bc92  _SD2_ISR                          
1     0001146e  _SDFM                             
0     000143e1  _SEND_CAN                         
1     00011436  _SPI                              
0     0000ba08  _SPIA_RX_ISR                      
0     0000ba12  _SPIA_TX_ISR                      
0     0000ba1c  _SPIB_RX_ISR                      
0     0000ba26  _SPIB_TX_ISR                      
0     0000bc9c  _SPIC_RX_ISR                      
0     0000bca6  _SPIC_TX_ISR                      
1     00011387  _START                            
1     000082e9  _START_ADC                        
1     000082ea  _START_CONTROLLER                 
0     000143dd  _STOP_STATE                       
0     0000bd3c  _SYS_PLL_SLIP_ISR                 
1     00007200  _SciaRegs                         
1     00007210  _ScibRegs                         
1     00007220  _ScicRegs                         
1     00007230  _ScidRegs                         
1     00005e00  _Sdfm1Regs                        
1     00005e80  _Sdfm2Regs                        
0     00014513  _SendMsgCan                       
0     0000b4fd  _ServiceDog                       
0     0000bffd  _SetDBGIER                        
1     000113e2  _Setting_PV                       
1     00006100  _SpiaRegs                         
1     00006110  _SpibRegs                         
1     00006120  _SpicRegs                         
1     00008160  _Spwm                             
1     00011388  _StartFlag                        
1     00007940  _SyncSocRegs                      
0     00000006  _SysCtlDelay                      
0     0000b8fa  _TIMER0_ISR                       
0     0000b800  _TIMER1_ISR                       
0     0000b80a  _TIMER2_ISR                       
1     00011190  _TRIP_SEL                         
1     0001138b  _Task1_Isr                        
1     0001138c  _Task8_Isr                        
1     00011390  _TripFlagIGBT                     
0     0001459a  _TripZone_Protection              
1     00011386  _TxID                             
1     000113b6  _TxMsgData                        
0     0000bcb0  _UPPA_ISR                         
0     0000bcba  _USBA_ISR                         
0     0000b8a0  _USER10_ISR                       
0     0000b8aa  _USER11_ISR                       
0     0000b8b4  _USER12_ISR                       
0     0000b846  _USER1_ISR                        
0     0000b850  _USER2_ISR                        
0     0000b85a  _USER3_ISR                        
0     0000b864  _USER4_ISR                        
0     0000b86e  _USER5_ISR                        
0     0000b878  _USER6_ISR                        
0     0000b882  _USER7_ISR                        
0     0000b88c  _USER8_ISR                        
0     0000b896  _USER9_ISR                        
1     00006200  _UppRegs                          
1     000082ee  _Us                               
0     0000bbf2  _VCU_ISR                          
1     00011480  _VTimer0                          
1     00011484  _VTimer1                          
1     00011488  _VTimer2                          
0     0000b904  _WAKE_ISR                         
0     0000b3c6  _WDogDisable                      
1     00007000  _WdRegs                           
0     0000b8dc  _XINT1_ISR                        
0     0000b8e6  _XINT2_ISR                        
0     0000bbd4  _XINT3_ISR                        
0     0000bbde  _XINT4_ISR                        
0     0000bbe8  _XINT5_ISR                        
1     00007920  _XbarRegs                         
1     00007070  _XintRegs                         
1     0000e200  __STACK_END                       
abs   00000200  __STACK_SIZE                      
1     00011476  ___TI_cleanup_ptr                 
1     00011478  ___TI_dtors_ptr                   
1     00011474  ___TI_enable_exit_profile_output  
abs   ffffffff  ___TI_pprof_out_hndl              
abs   ffffffff  ___TI_prof_data_size              
abs   ffffffff  ___TI_prof_data_start             
abs   ffffffff  ___binit__                        
abs   ffffffff  ___c_args__                       
0     0000c000  ___cinit__                        
abs   ffffffff  ___etext__                        
abs   ffffffff  ___pinit__                        
abs   ffffffff  ___text__                         
0     0000bfe4  __args_main                       
1     0001143e  __lock                            
0     0000b7fd  __nop                             
0     0000b7f9  __register_lock                   
0     0000b7f5  __register_unlock                 
1     0000e000  __stack                           
0     00014ffa  __system_post_cinit               
0     0000b7fe  __system_pre_init                 
1     0001147e  __unlock                          
0     0000bfbb  _abort                            
1     000113ae  _adc_cal                          
1     000081ea  _adc_filter                       
1     000081fc  _adc_offset                       
0     000007a0  _c_int00                          
1     000113b2  _canbit                           
0     00000400  _cla1Isr1                         
0     0000068b  _cla1Isr2                         
0     0000069a  _cla1Isr3                         
0     000006a9  _cla1Isr4                         
0     000006b8  _cla1Isr5                         
0     000006c7  _cla1Isr6                         
0     000006d6  _cla1Isr7                         
0     000006e5  _cla1Isr8                         
1     00011393  _clearTripFlagDMC                 
1     00011380  _clkPrescale                      
0     00014612  _cmpssConfig                      
1     000082e2  _controller_error_curr            
1     000082e3  _controller_error_volt            
0     00014fa9  _copy_in                          
1     000082e5  _count_controller_curr            
1     000082e1  _count_start_CL                   
1     000113a0  _curLimit                         
1     000113a2  _curPeakLimit                     
1     000113b0  _data                             
1     0001141c  _ePWM                             
0     00000788  _epwm_isr                         
1     00011389  _error                            
0     0000bfbd  _exit                             
1     0000820e  _filterBand_Udc                   
1     00008272  _filter_IL                        
1     000082ae  _filter_ILRms                     
1     00008266  _filter_Iinv                      
1     000082a2  _filter_IinvRms                   
1     00008242  _filter_Udc                       
1     0000824e  _filter_Udc1                      
1     0000825a  _filter_Udc2                      
1     00008236  _filter_Udc_pre                   
1     0000828a  _filter_VL                        
1     000082c6  _filter_VLRms                     
1     0000827e  _filter_Vg                        
1     000082ba  _filter_VgRms                     
1     00008296  _filter_temp                      
1     000113aa  _g_bErrFlag                       
1     000113a6  _g_ulRxMsgCount                   
1     000113a4  _g_ulTxMsgCount                   
1     000082e8  _i                                
1     000082de  _loop_curr_Is                     
1     000082e0  _loop_volt_Udc                    
1     000082df  _loop_volt_Us                     
0     00014000  _main                             
0     00014fcd  _memcpy                           
1     00008010  _park_volt_Vg                     
1     0001148c  _pga411_spi_frame                 
1     0000812c  _pi_volt_Udc                      
1     00008146  _pi_volt_Us                       
1     00008066  _pll_Vg                           
1     000082f0  _point_start                      
1     00008178  _pwm                              
1     000113d4  _pwm1                             
1     0000818c  _rc1                              
1     0000819a  _rc_Ref                           
1     00011391  _reset_charge                     
1     00008004  _rg1                              
1     000113ca  _sRXCANMessage                    
1     000113c0  _sTXCANMessage                    
1     00011381  _sampwin                          
1     000082e4  _sw_uc                            
1     0001146c  _tempSensor_scaleFactor           
1     0001146a  _tempSensor_tempOffset            
1     00011468  _tempSensor_tempSlope             
1     00011382  _thresh                           
1     000113a8  _u32CanAErrorStatus               
1     00011458  _ucRXMsgData                      
1     00011460  _ucTXMsgData                      
1     000113ac  _ulStatus                         
abs   ffffffff  binit                             
0     0000c000  cinit                             
0     00000000  code_start                        
abs   ffffffff  etext                             
abs   ffffffff  pinit                             


GLOBAL SYMBOLS: SORTED BY Symbol Address 

page  address   name                              
----  -------   ----                              
0     00000000  code_start                        
0     00000002  _F28x_usDelay                     
0     00000006  _SysCtlDelay                      
0     00000400  _cla1Isr1                         
[...]
0     0000bb48  _ADCA3_ISR                        
0     0000bb52  _ADCA4_ISR                        
0     0000bb5c  _ADCB_EVT_ISR                     
0     0000bb66  _ADCB2_ISR                        
0     0000bb70  _ADCB3_ISR                        
0     0000bb7a  _ADCB4_ISR                        
0     0000bb84  _CLA1_1_ISR                       
0     0000bb8e  _CLA1_2_ISR                       
0     0000bb98  _CLA1_3_ISR                       
0     0000bba2  _CLA1_4_ISR                       
0     0000bbac  _CLA1_5_ISR                       
0     0000bbb6  _CLA1_6_ISR                       
0     0000bbc0  _CLA1_7_ISR                       
0     0000bbca  _CLA1_8_ISR                       
0     0000bbd4  _XINT3_ISR                        
0     0000bbde  _XINT4_ISR                        
0     0000bbe8  _XINT5_ISR                        
0     0000bbf2  _VCU_ISR                          
0     0000bbfc  _FPU_OVERFLOW_ISR                 
0     0000bc06  _FPU_UNDERFLOW_ISR                
0     0000bc10  _IPC0_ISR                         
0     0000bc1a  _IPC1_ISR                         
0     0000bc24  _IPC2_ISR                         
0     0000bc2e  _IPC3_ISR                         
0     0000bc38  _EPWM9_TZ_ISR                     
0     0000bc42  _EPWM10_TZ_ISR                    
0     0000bc4c  _EPWM11_TZ_ISR                    
0     0000bc56  _EPWM12_TZ_ISR                    
0     0000bc60  _EPWM9_ISR                        
0     0000bc6a  _EPWM10_ISR                       
0     0000bc74  _EPWM11_ISR                       
0     0000bc7e  _EPWM12_ISR                       
0     0000bc88  _SD1_ISR                          
0     0000bc92  _SD2_ISR                          
0     0000bc9c  _SPIC_RX_ISR                      
0     0000bca6  _SPIC_TX_ISR                      
0     0000bcb0  _UPPA_ISR                         
0     0000bcba  _USBA_ISR                         
0     0000bcc4  _ADCC_EVT_ISR                     
0     0000bcce  _ADCC2_ISR                        
0     0000bcd8  _ADCC3_ISR                        
0     0000bce2  _ADCC4_ISR                        
0     0000bcec  _ADCD_EVT_ISR                     
0     0000bcf6  _ADCD2_ISR                        
0     0000bd00  _ADCD3_ISR                        
0     0000bd0a  _ADCD4_ISR                        
0     0000bd14  _EMIF_ERROR_ISR                   
0     0000bd1e  _RAM_CORRECTABLE_ERROR_ISR        
0     0000bd28  _FLASH_CORRECTABLE_ERROR_ISR      
0     0000bd32  _RAM_ACCESS_VIOLATION_ISR         
0     0000bd3c  _SYS_PLL_SLIP_ISR                 
0     0000bd46  _AUX_PLL_SLIP_ISR                 
0     0000bd50  _CLA_OVERFLOW_ISR                 
0     0000bd5a  _CLA_UNDERFLOW_ISR                
0     0000bd64  _PIE_RESERVED_ISR                 
0     0000bd6e  _EMPTY_ISR                        
0     0000bd7b  _NOTUSED_ISR                      
0     0000bd85  _AdcSetMode                       
0     0000be3c  _CalAdcINL                        
0     0000be76  _Init_ADC_A                       
0     0000bef4  _Init_ADC_B                       
0     0000bf65  _Init_ADC_C                       
0     0000bfbb  C$$EXIT                           
0     0000bfbb  _abort                            
0     0000bfbd  _exit                             
0     0000bfe4  __args_main                       
0     0000bffd  _SetDBGIER                        
0     0000c000  ___cinit__                        
0     0000c000  cinit                             
0     00014000  _main                             
0     0001439b  _A0                               
0     000143b1  _B0                               
0     000143c7  _C0                               
0     000143dd  _STOP_STATE                       
0     000143de  _RUN_STATE                        
0     000143df  _CONFIG_STATE                     
0     000143e0  _CHECKING_STATE                   
0     000143e1  _SEND_CAN                         
0     000143e7  _CMPSS_DIG_FILTER                 
0     00014454  _C1                               
0     00014513  _SendMsgCan                       
0     00014549  _ReciveCan                        
0     0001459a  _TripZone_Protection              
0     00014612  _cmpssConfig                      
0     000146cb  _CMPSS_Protection                 
0     00014907  _CANInit                          
0     000149b4  _CANEnable                        
0     000149bd  _CANDisable                       
0     000149c5  _CANClkSourceSelect               
0     000149ec  _CANBitTimingGet                  
0     00014a17  _CANBitRateSet                    
0     00014a84  _CANBitTimingSet                  
0     00014acd  _CANIntRegister                   
0     00014add  _CANIntUnregister                 
0     00014aea  _CANIntEnable                     
0     00014af8  _CANIntDisable                    
0     00014b08  _CANIntStatus                     
0     00014b22  _CANIntClear                      
0     00014b4b  _CANRetrySet                      
0     00014b5c  _CANRetryGet                      
0     00014b66  _CANStatusGet                     
0     00014b8e  _CANErrCntrGet                    
0     00014ba9  _CANMessageSet                    
0     00014c95  _CANMessageGet                    
0     00014d69  _CANMessageClear                  
0     00014d8f  _CANGlobalIntEnable               
0     00014d98  _CANGlobalIntDisable              
0     00014da2  _CANGlobalIntClear                
0     00014dab  _CANGlobalIntstatusGet            
0     00014db8  _IntMasterEnable                  
0     00014dc0  _IntMasterDisable                 
0     00014dc8  _IntRegister                      
0     00014ddb  _IntUnregister                    
0     00014df0  _IntEnable                        
0     00014e83  _IntDisable                       
0     00014f03  _IntIFRClear                      
0     00014f82  _DelayMs                          
0     00014f95  _DelayS                           
0     00014fa9  _copy_in                          
0     00014fcd  _memcpy                           
0     00014fea  _DelayUs                          
0     00014ffa  __system_post_cinit               
0     00015000  _IntDefaultHandler                
1     00000b00  _AdcaResultRegs                   
1     00000b20  _AdcbResultRegs                   
1     00000b40  _AdccResultRegs                   
1     00000b60  _AdcdResultRegs                   
1     00000c00  _CpuTimer0Regs                    
1     00000c08  _CpuTimer1Regs                    
1     00000c10  _CpuTimer2Regs                    
1     00000ce0  _PieCtrlRegs                      
1     00000d00  _EmuKey                           
1     00000d00  _PieVectTable                     
1     00000d01  _EmuBMode                         
1     00001000  _DmaRegs                          
1     00001400  _Cla1Regs                         
1     00001480  _ClaToCPU                         
1     00001500  _CpuToCLA                         
1     00004000  _EPwm1Regs                        
1     00004100  _EPwm2Regs                        
1     00004200  _EPwm3Regs                        
1     00004300  _EPwm4Regs                        
1     00004400  _EPwm5Regs                        
1     00004500  _EPwm6Regs                        
1     00004600  _EPwm7Regs                        
1     00004700  _EPwm8Regs                        
1     00004800  _EPwm9Regs                        
1     00004900  _EPwm10Regs                       
1     00004a00  _EPwm11Regs                       
1     00004b00  _EPwm12Regs                       
1     00005000  _ECap1Regs                        
1     00005020  _ECap2Regs                        
1     00005040  _ECap3Regs                        
1     00005060  _ECap4Regs                        
1     00005080  _ECap5Regs                        
1     000050a0  _ECap6Regs                        
1     00005100  _EQep1Regs                        
1     00005140  _EQep2Regs                        
1     00005180  _EQep3Regs                        
1     00005c00  _DacaRegs                         
1     00005c10  _DacbRegs                         
1     00005c20  _DaccRegs                         
1     00005c80  _Cmpss1Regs                       
1     00005ca0  _Cmpss2Regs                       
1     00005cc0  _Cmpss3Regs                       
1     00005ce0  _Cmpss4Regs                       
1     00005d00  _Cmpss5Regs                       
1     00005d20  _Cmpss6Regs                       
1     00005d40  _Cmpss7Regs                       
1     00005d60  _Cmpss8Regs                       
1     00005e00  _Sdfm1Regs                        
1     00005e80  _Sdfm2Regs                        
1     00006000  _McbspaRegs                       
1     00006040  _McbspbRegs                       
1     00006100  _SpiaRegs                         
1     00006110  _SpibRegs                         
1     00006120  _SpicRegs                         
1     00006200  _UppRegs                          
1     00007000  _WdRegs                           
1     00007060  _NmiIntruptRegs                   
1     00007070  _XintRegs                         
1     00007200  _SciaRegs                         
1     00007210  _ScibRegs                         
1     00007220  _ScicRegs                         
1     00007230  _ScidRegs                         
1     00007300  _I2caRegs                         
1     00007340  _I2cbRegs                         
1     00007400  _AdcaRegs                         
1     00007480  _AdcbRegs                         
1     00007500  _AdccRegs                         
1     00007580  _AdcdRegs                         
1     00007900  _InputXbarRegs                    
1     00007920  _XbarRegs                         
1     00007940  _SyncSocRegs                      
1     00007980  _DmaClaSrcSelRegs                 
1     00007a00  _EPwmXbarRegs                     
1     00007a80  _OutputXbarRegs                   
1     00007c00  _GpioCtrlRegs                     
1     00007f00  _GpioDataRegs                     
1     00008000  _Cla1ConstLoadStart               
1     00008000  _Cla1ConstRunStart                
1     00008000  _IsrCount                         
1     00008002  _IsrTicker                        
1     00008004  _rg1                              
1     00008010  _park_volt_Vg                     
1     00008066  _pll_Vg                           
1     00008082  _PR_Parameter_curr                
1     000080a0  _PR_Calculator_curr               
1     000080b0  _PR_Parameter_volt                
1     000080ce  _PR_Calculator_volt               
1     000080de  _Os_para                          
1     000080fc  _Os_calcu                         
1     0000812c  _pi_volt_Udc                      
1     00008146  _pi_volt_Us                       
1     00008160  _Spwm                             
1     00008178  _pwm                              
1     0000818c  _rc1                              
1     0000819a  _rc_Ref                           
1     000081a8  _Calculator_VgRms                 
1     000081b4  _Calculator_VLRms                 
1     000081c0  _Calculator_IinvRms               
1     000081cc  _Calculator_ILRms                 
1     000081d8  _AdcVaule                         
1     000081ea  _adc_filter                       
1     000081fc  _adc_offset                       
1     0000820e  _filterBand_Udc                   
1     00008236  _filter_Udc_pre                   
1     00008242  _filter_Udc                       
1     0000824e  _filter_Udc1                      
1     0000825a  _filter_Udc2                      
1     00008266  _filter_Iinv                      
1     00008272  _filter_IL                        
1     0000827e  _filter_Vg                        
1     0000828a  _filter_VL                        
1     00008296  _filter_temp                      
1     000082a2  _filter_IinvRms                   
1     000082ae  _filter_ILRms                     
1     000082ba  _filter_VgRms                     
1     000082c6  _filter_VLRms                     
1     000082d2  _Kp_curr_test                     
1     000082d4  _Ki_curr_test                     
1     000082d6  _Kp_volt_Us_test                  
1     000082d8  _Ki_volt_Us_test                  
1     000082da  _Kp_volt_Udc_test                 
1     000082dc  _Ki_volt_Udc_test                 
1     000082de  _loop_curr_Is                     
1     000082df  _loop_volt_Us                     
1     000082e0  _loop_volt_Udc                    
1     000082e1  _count_start_CL                   
1     000082e2  _controller_error_curr            
1     000082e3  _controller_error_volt            
1     000082e4  _sw_uc                            
1     000082e5  _count_controller_curr            
1     000082e6  _OffsetCalCounter                 
1     000082e7  _ResetOffset                      
1     000082e8  _i                                
1     000082e9  _START_ADC                        
1     000082ea  _START_CONTROLLER                 
1     000082ec  _Is                               
1     000082ee  _Us                               
1     000082f0  _point_start                      
1     000082f2  _CLAsinTable                      
1     000082f2  _CLAsincosTable                   
1     000082f2  _CLAsincosTable_Sin0              
1     00008332  _CLAcosTable                      
1     00008332  _CLAsincosTable_Cos0              
1     000083f2  _CLAsinTableEnd                   
1     00008434  _CLAcosTableEnd                   
1     00008434  _CLAsincosTable_TABLE_SIZE        
1     00008436  _CLAsincosTable_TABLE_SIZEDivTwoPi
1     00008438  _CLAsincosTable_TwoPiDivTABLE_SIZE
1     0000843a  _CLAsincosTable_TABLE_MASK        
1     0000843c  _CLAsincosTable_Coef0             
1     0000843e  _CLAsincosTable_Coef1             
1     00008440  _CLAsincosTable_Coef1_pos         
1     00008442  _CLAsincosTable_Coef2             
1     00008444  _CLAsincosTable_Coef3             
1     00008446  _CLAsincosTable_Coef3_neg         
1     00008448  _CLAsincosTableEnd                
1     0000e000  __stack                           
1     0000e200  __STACK_END                       
1     00011000  _Datalog1                         
1     00011190  _TRIP_SEL                         
1     000111ae  _ECAP                             
1     000111bc  _I2C                              
1     000111c0  _Datalog2                         
1     00011350  _EPWM                             
1     0001136a  _ADC                              
1     00011374  _EQEP                             
1     0001137c  _MCBSP                            
1     00011380  _clkPrescale                      
1     00011381  _sampwin                          
1     00011382  _thresh                           
1     00011383  _LEM_curHi                        
1     00011384  _LEM_curLo                        
1     00011385  _RxID                             
1     00011386  _TxID                             
1     00011387  _START                            
1     00011388  _StartFlag                        
1     00011389  _error                            
1     0001138a  _ChannelAdc                       
1     0001138b  _Task1_Isr                        
1     0001138c  _Task8_Isr                        
1     0001138d  _Pwm_Isr                          
1     0001138e  _RESET_IGBT                       
1     0001138f  _ResetIGBTFlag                    
1     00011390  _TripFlagIGBT                     
1     00011391  _reset_charge                     
1     00011392  _OverCurrentMeasure               
1     00011393  _clearTripFlagDMC                 
1     00011394  _OverCurrentChargeCap             
1     00011395  _ChargeCapFlag                    
1     00011398  _Alpha_State_Ptr                  
1     0001139a  _A_Task_Ptr                       
1     0001139c  _B_Task_Ptr                       
1     0001139e  _C_Task_Ptr                       
1     000113a0  _curLimit                         
1     000113a2  _curPeakLimit                     
1     000113a4  _g_ulTxMsgCount                   
1     000113a6  _g_ulRxMsgCount                   
1     000113a8  _u32CanAErrorStatus               
1     000113aa  _g_bErrFlag                       
1     000113ac  _ulStatus                         
1     000113ae  _adc_cal                          
1     000113b0  _data                             
1     000113b2  _canbit                           
1     000113b6  _TxMsgData                        
1     000113bb  _RxMsgData                        
1     000113c0  _sTXCANMessage                    
1     000113ca  _sRXCANMessage                    
1     000113d4  _pwm1                             
1     000113e2  _Setting_PV                       
1     00011400  _Limit                            
1     0001141c  _ePWM                             
1     00011436  _SPI                              
1     0001143e  __lock                            
1     00011440  _CpuTimer0                        
1     00011448  _CpuTimer1                        
1     00011450  _CpuTimer2                        
1     00011458  _ucRXMsgData                      
1     00011460  _ucTXMsgData                      
1     00011468  _tempSensor_tempSlope             
1     0001146a  _tempSensor_tempOffset            
1     0001146c  _tempSensor_scaleFactor           
1     0001146e  _SDFM                             
1     00011474  ___TI_enable_exit_profile_output  
1     00011476  ___TI_cleanup_ptr                 
1     00011478  ___TI_dtors_ptr                   
1     0001147a  _SCI                              
1     0001147e  __unlock                          
1     00011480  _VTimer0                          
1     00011484  _VTimer1                          
1     00011488  _VTimer2                          
1     0001148c  _pga411_spi_frame                 
1     00047000  _Emif1Regs                        
1     00047800  _Emif2Regs                        
1     00050000  _IpcRegs                          
1     00050024  _FlashPumpSemaphoreRegs           
1     0005d000  _DevCfgRegs                       
1     0005d180  _AnalogSubsysRegs                 
1     0005d200  _ClkCfgRegs                       
1     0005d300  _CpuSysRegs                       
1     0005e608  _RomPrefetchRegs                  
1     0005f000  _DcsmZ1Regs                       
1     0005f040  _DcsmZ2Regs                       
1     0005f070  _DcsmCommonRegs                   
1     0005f400  _MemCfgRegs                       
1     0005f480  _Emif1ConfigRegs                  
1     0005f4a0  _Emif2ConfigRegs                  
1     0005f4c0  _AccessProtectionRegs             
1     0005f500  _MemoryErrorRegs                  
1     0005f540  _RomWaitStateRegs                 
1     0005f800  _Flash0CtrlRegs                   
1     0005fb00  _Flash0EccRegs                    
1     00078000  _DcsmZ1Otp                        
1     00078200  _DcsmZ2Otp                        
abs   00000000  _Cla1ConstLoadSize                
abs   00000100  CLA_SCRATCHPAD_SIZE               
abs   00000200  __STACK_SIZE                      
abs   ffffffff  .text                             
abs   ffffffff  ___TI_pprof_out_hndl              
abs   ffffffff  ___TI_prof_data_size              
abs   ffffffff  ___TI_prof_data_start             
abs   ffffffff  ___binit__                        
abs   ffffffff  ___c_args__                       
abs   ffffffff  ___etext__                        
abs   ffffffff  ___pinit__                        
abs   ffffffff  ___text__                         
abs   ffffffff  binit                             
abs   ffffffff  etext                             
abs   ffffffff  pinit                             

[526 symbols]
